Per-split results
dataset,method,backbone,split,runs,mean,std
office_home,erm,resnet50,Art,3,63.43,0.31
office_home,erm,resnet50,Clipart,3,51.32,0.99
office_home,erm,resnet50,Product,3,76.45,0.54
office_home,erm,resnet50,RealWorld,3,78.13,0.26
office_home,rsc,resnet50,Art,3,62.64,0.12
office_home,rsc,resnet50,Clipart,3,51.55,1.68
office_home,rsc,resnet50,Product,3,75.11,1.31
office_home,rsc,resnet50,RealWorld,2,77.34,0.11
pacs,coral,resnet50,art_painting,2,83.94,0.14
pacs,coral,resnet50,cartoon,1,79.27,0.00
pacs,coral,resnet50,photo,1,94.37,0.00
pacs,coral,resnet50,sketch,1,81.98,0.00
pacs,erm,resnet50,art_painting,3,83.54,1.93
pacs,erm,resnet50,cartoon,3,78.47,1.52
pacs,erm,resnet50,photo,3,96.51,0.07
pacs,erm,resnet50,sketch,3,73.64,0.55
pacs,mixup,resnet50,art_painting,3,85.16,1.15
pacs,mixup,resnet50,cartoon,3,77.40,2.16
pacs,mixup,resnet50,photo,3,96.23,0.30
pacs,mixup,resnet50,sketch,3,78.26,3.11
pacs,rsc,resnet50,art_painting,3,82.08,2.61
pacs,rsc,resnet50,cartoon,3,80.26,0.95
pacs,rsc,resnet50,photo,3,96.51,0.66
pacs,rsc,resnet50,sketch,3,75.45,1.64
vlcs,coral,resnet50,CALTECH,3,97.01,0.88
vlcs,coral,resnet50,LABELME,3,61.34,1.85
vlcs,coral,resnet50,PASCAL,3,71.74,1.93
vlcs,coral,resnet50,SUN,3,75.26,0.99
vlcs,erm,resnet50,CALTECH,3,97.01,0.12
vlcs,erm,resnet50,LABELME,3,62.22,1.99
vlcs,erm,resnet50,PASCAL,3,76.09,2.18
vlcs,erm,resnet50,SUN,3,71.79,0.27
vlcs,mixup,resnet50,CALTECH,3,96.94,0.78
vlcs,mixup,resnet50,LABELME,3,62.33,2.47
vlcs,mixup,resnet50,PASCAL,3,72.32,0.13
vlcs,mixup,resnet50,SUN,3,73.40,0.64
vlcs,mmd,resnet50,CALTECH,2,97.48,0.14
vlcs,mmd,resnet50,LABELME,2,63.85,2.66
vlcs,mmd,resnet50,PASCAL,2,71.65,0.42
vlcs,mmd,resnet50,SUN,2,75.49,1.54
vlcs,rsc,resnet50,CALTECH,3,97.81,0.15
vlcs,rsc,resnet50,LABELME,3,64.44,0.96
vlcs,rsc,resnet50,PASCAL,3,75.53,1.89
vlcs,rsc,resnet50,SUN,3,74.60,1.19

Dataset averages across splits
dataset,method,backbone,num_splits,avg
office_home,erm,resnet50,4,67.33
office_home,rsc,resnet50,4,66.66
pacs,coral,resnet50,4,84.89
pacs,erm,resnet50,4,83.04
pacs,mixup,resnet50,4,84.26
pacs,rsc,resnet50,4,83.57
vlcs,coral,resnet50,4,76.34
vlcs,erm,resnet50,4,76.78
vlcs,mixup,resnet50,4,76.25
vlcs,mmd,resnet50,4,77.12
vlcs,rsc,resnet50,4,78.10

Wrote raw run CSV: outputs/paper30_r50_results.csv
