Per-split results
dataset,method,backbone,split,runs,mean,std
office_home,arm,resnet18,Art,1,54.47,0.00
office_home,arm,resnet18,Clipart,1,48.45,0.00
office_home,arm,resnet18,Product,1,71.14,0.00
office_home,arm,resnet18,RealWorld,1,73.79,0.00
office_home,coral,resnet18,Art,1,55.46,0.00
office_home,coral,resnet18,Clipart,1,49.39,0.00
office_home,coral,resnet18,Product,1,71.75,0.00
office_home,coral,resnet18,RealWorld,1,73.28,0.00
office_home,eqrm,resnet18,Art,1,56.08,0.00
office_home,eqrm,resnet18,Clipart,1,48.34,0.00
office_home,eqrm,resnet18,Product,1,71.57,0.00
office_home,eqrm,resnet18,RealWorld,1,72.94,0.00
office_home,erm,resnet18,Art,1,56.12,0.00
office_home,erm,resnet18,Clipart,1,47.88,0.00
office_home,erm,resnet18,Product,1,72.47,0.00
office_home,erm,resnet18,RealWorld,1,73.58,0.00
office_home,m2,resnet18,Art,1,52.66,0.00
office_home,m2,resnet18,Clipart,1,47.90,0.00
office_home,m2,resnet18,Product,1,69.63,0.00
office_home,m2,resnet18,RealWorld,1,71.43,0.00
office_home,m2cl,resnet18,Art,1,54.43,0.00
office_home,m2cl,resnet18,Clipart,1,46.87,0.00
office_home,m2cl,resnet18,Product,1,67.76,0.00
office_home,m2cl,resnet18,RealWorld,1,69.54,0.00
office_home,mixup,resnet18,Art,1,56.37,0.00
office_home,mixup,resnet18,Clipart,1,49.81,0.00
office_home,mixup,resnet18,Product,1,70.87,0.00
office_home,mixup,resnet18,RealWorld,1,73.61,0.00
office_home,mmd,resnet18,Art,1,55.67,0.00
office_home,mmd,resnet18,Clipart,1,48.52,0.00
office_home,mmd,resnet18,Product,1,71.68,0.00
office_home,mmd,resnet18,RealWorld,1,73.19,0.00
office_home,rsc,resnet18,Art,1,56.00,0.00
office_home,rsc,resnet18,Clipart,1,46.09,0.00
office_home,rsc,resnet18,Product,1,70.85,0.00
office_home,rsc,resnet18,RealWorld,1,72.32,0.00
office_home,sagm,resnet18,Art,1,55.79,0.00
office_home,sagm,resnet18,Clipart,1,46.51,0.00
office_home,sagm,resnet18,Product,1,71.16,0.00
office_home,sagm,resnet18,RealWorld,1,73.15,0.00
office_home,sagnet,resnet18,Art,1,55.75,0.00
office_home,sagnet,resnet18,Clipart,1,47.74,0.00
office_home,sagnet,resnet18,Product,1,71.71,0.00
office_home,sagnet,resnet18,RealWorld,1,73.17,0.00
office_home,selfreg,resnet18,Art,1,57.56,0.00
office_home,selfreg,resnet18,Clipart,1,49.69,0.00
office_home,selfreg,resnet18,Product,1,72.43,0.00
office_home,selfreg,resnet18,RealWorld,1,73.72,0.00
vlcs,arm,resnet18,CALTECH,1,95.86,0.00
vlcs,arm,resnet18,LABELME,1,60.19,0.00
vlcs,arm,resnet18,PASCAL,1,72.83,0.00
vlcs,arm,resnet18,SUN,1,70.66,0.00
vlcs,coral,resnet18,CALTECH,1,95.16,0.00
vlcs,coral,resnet18,LABELME,1,60.73,0.00
vlcs,coral,resnet18,PASCAL,1,65.00,0.00
vlcs,coral,resnet18,SUN,1,70.66,0.00
vlcs,eqrm,resnet18,CALTECH,1,96.17,0.00
vlcs,eqrm,resnet18,LABELME,1,60.57,0.00
vlcs,eqrm,resnet18,PASCAL,1,64.66,0.00
vlcs,eqrm,resnet18,SUN,1,70.44,0.00
vlcs,erm,resnet18,CALTECH,1,96.87,0.00
vlcs,erm,resnet18,LABELME,1,65.03,0.00
vlcs,erm,resnet18,PASCAL,1,71.60,0.00
vlcs,erm,resnet18,SUN,1,71.62,0.00
vlcs,m2,resnet18,CALTECH,1,96.06,0.00
vlcs,m2,resnet18,LABELME,1,60.95,0.00
vlcs,m2,resnet18,PASCAL,1,72.92,0.00
vlcs,m2,resnet18,SUN,1,71.96,0.00
vlcs,m2cl,resnet18,CALTECH,1,96.17,0.00
vlcs,m2cl,resnet18,LABELME,1,65.20,0.00
vlcs,m2cl,resnet18,PASCAL,1,73.76,0.00
vlcs,m2cl,resnet18,SUN,1,71.05,0.00
vlcs,mixup,resnet18,CALTECH,1,93.44,0.00
vlcs,mixup,resnet18,LABELME,1,60.25,0.00
vlcs,mixup,resnet18,PASCAL,1,69.87,0.00
vlcs,mixup,resnet18,SUN,1,74.36,0.00
vlcs,mmd,resnet18,CALTECH,1,97.28,0.00
vlcs,mmd,resnet18,LABELME,1,60.62,0.00
vlcs,mmd,resnet18,PASCAL,1,65.21,0.00
vlcs,mmd,resnet18,SUN,1,70.48,0.00
vlcs,rsc,resnet18,CALTECH,1,97.68,0.00
vlcs,rsc,resnet18,LABELME,1,66.33,0.00
vlcs,rsc,resnet18,PASCAL,1,72.75,0.00
vlcs,rsc,resnet18,SUN,1,73.53,0.00
vlcs,sagm,resnet18,CALTECH,1,96.37,0.00
vlcs,sagm,resnet18,LABELME,1,66.22,0.00
vlcs,sagm,resnet18,PASCAL,1,71.35,0.00
vlcs,sagm,resnet18,SUN,1,71.14,0.00
vlcs,sagnet,resnet18,CALTECH,1,95.76,0.00
vlcs,sagnet,resnet18,LABELME,1,61.22,0.00
vlcs,sagnet,resnet18,PASCAL,1,71.90,0.00
vlcs,sagnet,resnet18,SUN,1,69.61,0.00
vlcs,selfreg,resnet18,CALTECH,1,92.53,0.00
vlcs,selfreg,resnet18,LABELME,1,62.56,0.00
vlcs,selfreg,resnet18,PASCAL,1,72.15,0.00
vlcs,selfreg,resnet18,SUN,1,70.27,0.00

Dataset averages across splits
dataset,method,backbone,num_splits,avg
office_home,arm,resnet18,4,61.96
office_home,coral,resnet18,4,62.47
office_home,eqrm,resnet18,4,62.23
office_home,erm,resnet18,4,62.51
office_home,m2,resnet18,4,60.40
office_home,m2cl,resnet18,4,59.65
office_home,mixup,resnet18,4,62.66
office_home,mmd,resnet18,4,62.27
office_home,rsc,resnet18,4,61.31
office_home,sagm,resnet18,4,61.65
office_home,sagnet,resnet18,4,62.09
office_home,selfreg,resnet18,4,63.35
vlcs,arm,resnet18,4,74.89
vlcs,coral,resnet18,4,72.89
vlcs,eqrm,resnet18,4,72.96
vlcs,erm,resnet18,4,76.28
vlcs,m2,resnet18,4,75.47
vlcs,m2cl,resnet18,4,76.54
vlcs,mixup,resnet18,4,74.48
vlcs,mmd,resnet18,4,73.40
vlcs,rsc,resnet18,4,77.57
vlcs,sagm,resnet18,4,76.27
vlcs,sagnet,resnet18,4,74.62
vlcs,selfreg,resnet18,4,74.38

Wrote raw run CSV: outputs/paper30_r18_results.csv
